// Jest Snapshot v1, https://goo.gl/fbAQLP

exports[`renders navbar component correctly 1`] = `
<div
  className="MuiPaper-root MuiPaper-elevation MuiPaper-rounded MuiPaper-elevation1 css-1p84f4n-MuiPaper-root"
>
  <header
    className="MuiPaper-root MuiPaper-elevation MuiPaper-elevation4 MuiAppBar-root MuiAppBar-colorPrimary MuiAppBar-positionStatic css-yhn5o0-MuiPaper-root-MuiAppBar-root"
  >
    <div
      className="MuiToolbar-root MuiToolbar-gutters MuiToolbar-regular css-1ip7gaz-MuiToolbar-root"
    >
      <h1
        className="MuiTypography-root MuiTypography-logo css-1c1gya-MuiTypography-root"
      >
        Where in the world?
      </h1>
      <div
        className="MuiBox-root css-0"
        onClick={[Function]}
      >
        <button
          className="MuiButtonBase-root MuiButton-root MuiButton-returnHome MuiButton-returnHomePrimary MuiButton-sizeMedium MuiButton-returnHomeSizeMedium MuiButton-root MuiButton-returnHome MuiButton-returnHomePrimary MuiButton-sizeMedium MuiButton-returnHomeSizeMedium css-175qf1a-MuiButtonBase-root-MuiButton-root"
          disabled={false}
          onBlur={[Function]}
          onContextMenu={[Function]}
          onDragLeave={[Function]}
          onFocus={[Function]}
          onKeyDown={[Function]}
          onKeyUp={[Function]}
          onMouseDown={[Function]}
          onMouseLeave={[Function]}
          onMouseUp={[Function]}
          onTouchEnd={[Function]}
          onTouchMove={[Function]}
          onTouchStart={[Function]}
          tabIndex={0}
          type="button"
        >
          <svg
            className="moon"
            fill="currentColor"
            height="1em"
            stroke="currentColor"
            strokeWidth="0"
            style={
              Object {
                "color": undefined,
              }
            }
            viewBox="0 0 512 512"
            width="1em"
            xmlns="http://www.w3.org/2000/svg"
          >
            <path
              d="M160 136c0-30.62 4.51-61.61 16-88C99.57 81.27 48 159.32 48 248c0 119.29 96.71 216 216 216 88.68 0 166.73-51.57 200-128-26.39 11.49-57.38 16-88 16-119.29 0-216-96.71-216-216z"
              fill="none"
              strokeLinecap="round"
              strokeLinejoin="round"
              strokeWidth="32"
            />
          </svg>
          <span
            className="MuiTypography-root MuiTypography-darkMode css-b8v4tk-MuiTypography-root"
          >
            Dark Mode
          </span>
        </button>
      </div>
    </div>
  </header>
</div>
`;
